// Jest Snapshot v1, https://goo.gl/fbAQLP

exports[`<Footer /> Render Footer 1`] = `
<div>
  <div
    class="footer"
  >
    <div
      class="container"
    >
      <div
        class="row"
      >
        <div
          class="col-xl-3 col-md-6 col-sm-12 d-flex justify-content-start align-items-center"
        >
          <img
            alt="Avipre"
            class="ms-5"
            src="./images/logos/logotipo-2322x688-13.png"
            style="height: 70px;"
          />
        </div>
        <div
          class="col-md-4 col-sm-12 d-flex justify-content-start align-items-center"
        >
          <div
            class="ms-5 mt-3"
          >
            <h5>
              Dirección
            </h5>
            <p>
              C. 28 332C, entre 25 y 27
            </p>
            <p>
              Emiliano Zapata Nte, CP: 97129
            </p>
            <p>
              Mérida, Yuc., Mexico
            </p>
          </div>
        </div>
        <div
          class="col-xl-3 col-md-6 col-sm-12 d-flex justify-content-start align-items-center"
        >
          <div
            class="ms-5 mt-3"
          >
            <h5>
              Contacto
            </h5>
            <p>
              <strong>
                Arq. Johari Aviles Preciat
              </strong>
            </p>
            <p>
              Email: 
              <a
                class="mail"
                href="mailto:johari.aviles@gmail.com"
              >
                johari.aviles@gmail.com
              </a>
            </p>
          </div>
        </div>
      </div>
    </div>
  </div>
</div>
`;
